0000000000000010 0000000000000000
======
0000000000000001
Message 1
0000000000000002
Message 1
Message 2
======
0000000000000004: 0000000000000002
0000000000000010: 0000000000000003
