world
Hello, world!
48 65 6C 6C 6F 2C 20 77 6F 72 6C 64 21 0A 
H ello, world!
e llo, world!
l lo, world!
l o, world!
o , world!
,  world!
  world!
w orld!
o rld!
r ld!
l d!
d !
! 

 