0000000000000010 0000000000000000
0000000000000001: H
0000000000000002: He
0000000000000004: Hel
0000000000000004: Hell
0000000000000008: Hello
0000000000000008: Hello,
0000000000000008: Hello, 
0000000000000008: Hello, w
0000000000000010: Hello, wo
0000000000000010: Hello, wor
0000000000000010: Hello, worl
0000000000000010: Hello, world
0000000000000010: Hello, world!
0000000000000010: Hello
0000000000000100: Hello, world!
Hello, world!
