qwertyuioplkjhgfdsazxcvbnm
line two

that one was empty
