;comment

  .shebang /usr/bin/env bsvm
t01 `shebang`
  @foo:
t00 `@foo`
   hcf
t02 `hcf`
